// Jest Snapshot v1, https://goo.gl/fbAQLP

exports[`MoviePage snaptest 1`] = `
<div
  className="movie-page"
>
  <MovieDetail
    detailData={Object {}}
  />
</div>
`;
